Status: 200
loginAlertModal cards found: 38
data-mcq-url divs: 38
div.card count: 24
First card attrs: {'class': ['loginAlertModal'], 'data-total_question': '30', 'data-id': '1479', 'data-sub_cat': 'এসএসসি', 'data-year': '2024', 'data-exam_name': 'বাংলাদেশ ও বিশ্ব পরিচয়', 'data-mcq-url': 'https://sattacademy.com/board-exams/%E0%A6%AC%E0%A6%BE%E0%A6%82%E0%A6%B2%E0%A6%BE%E0%A6%A6%E0%A7%87%E0%A6%B6-%E0%A6%93-%E0%A6%AC%E0%A6%BF%E0%A6%B6%E0%A7%8D%E0%A6%AC-%E0%A6%AA%E0%A6%B0%E0%A6%BF%E0%A6%9A%E0%A7%9F-%E0%A6%A8%E0%A6%AC%E0%A6%AE%E0%A6%A6%E0%A6%B6%E0%A6%AE-%E0%A6%B6%E0%A7%8D%E0%A6%B0%E0%A7%87%E0%A6%A3%E0%A6%BF-%E0%A6%AE%E0%A6%BE%E0%A6%A7%E0%A7%8D%E0%A6%AF%E0%A6%AE%E0%A6%BF%E0%A6%95-%E0%A6%A2%E0%A6%BE%E0%A6%95%E0%A6%BE-%E0%A6%AC%E0%A7%8B%E0%A6%B0%E0%A7%8D%E0%A6%A1-2024/mcq'}
